23:40:35.137 200
23:40:35.387 200
23:40:35.640 200
23:40:35.887 200
23:40:36.140 200
23:40:36.387 200
23:40:36.632 200
23:40:36.883 200
23:40:37.129 200
23:40:37.374 200
23:40:37.618 200
23:40:37.862 200
23:40:38.107 200
23:40:38.352 200
23:40:38.603 200
23:40:38.857 200
23:40:39.106 200
23:40:39.354 200
23:40:39.601 200
23:40:39.849 200
23:40:40.100 200
23:40:40.353 200
23:40:40.602 200
23:40:40.856 200
23:40:41.104 200
23:40:41.357 200
23:40:41.608 200
23:40:41.859 200
23:40:42.108 200
23:40:42.363 200
23:40:42.614 200
23:40:42.862 200
23:40:43.113 200
23:40:43.362 200
23:40:43.616 200
23:40:43.862 200
23:40:44.120 200
23:40:44.373 200
23:40:44.620 200
23:40:44.867 200
23:40:45.120 200
23:40:45.382 200
23:40:45.648 200
23:40:45.917 200
23:40:46.178 200
23:40:46.424 200
23:40:46.674 200
23:40:46.938 200
23:40:47.192 200
23:40:47.444 200
23:40:47.696 200
23:40:47.950 200
23:40:48.199 200
23:40:48.456 200
23:40:48.723 200
23:40:48.975 200
23:40:49.274 200
23:40:49.574 200
23:40:49.827 200
23:40:50.081 200
23:40:50.336 200
23:40:50.588 200
23:40:50.844 200
23:40:51.093 200
23:40:51.339 200
23:40:51.584 200
23:40:51.842 200
23:40:52.190 200
23:40:52.445 200
23:40:52.695 200
23:40:55.856 200
23:40:56.132 200
23:40:56.378 200
23:40:56.623 200
23:40:56.868 200
23:40:57.227 200
23:40:57.473 200
23:40:57.727 200
23:40:57.971 200
23:40:58.222 200
23:40:58.499 200
23:40:58.756 200
23:40:59.027 200
23:40:59.297 200
23:40:59.553 200
23:40:59.797 200
23:41:00.046 200
23:41:00.291 200
23:41:00.538 200
23:41:00.784 200
23:41:01.030 200
23:41:01.278 200
23:41:01.607 200
23:41:01.851 200
23:41:02.096 200
23:41:02.350 200
23:41:02.598 200
23:41:02.841 200
23:41:03.085 200
23:41:03.374 200
23:41:03.624 200
23:41:03.872 200
23:41:04.122 200
23:41:04.376 200
23:41:04.621 200
23:41:04.867 200
23:41:05.116 200
23:41:05.366 200
23:41:05.646 200
23:41:05.894 200
23:41:06.146 200
23:41:06.396 200
23:41:06.644 200
23:41:06.973 200
23:41:07.233 200
23:41:07.486 200
23:41:07.740 200
23:41:07.990 200
23:41:08.241 200
23:41:08.488 200
23:41:08.735 200
23:41:08.984 200
23:41:09.232 200
23:41:09.479 200
23:41:09.725 200
23:41:09.977 200
23:41:10.227 200
23:41:10.471 200
23:41:10.717 200
23:41:10.965 200
23:41:11.216 200
23:41:11.465 200
23:41:11.711 200
23:41:11.958 200
23:41:12.209 200
23:41:12.456 200
23:41:12.713 200
23:41:12.964 200
23:41:13.212 200
23:41:13.466 200
23:41:13.712 200
23:41:13.959 200
23:41:14.202 200
23:41:14.446 200
23:41:14.694 200
23:41:14.941 200
23:41:15.188 200
23:41:15.431 200
23:41:15.684 200
23:41:15.937 200
23:41:16.184 200
23:41:16.429 200
23:41:16.673 200
23:41:16.918 200
23:41:17.164 200
23:41:17.410 200
23:41:17.659 200
23:41:17.934 200
23:41:18.182 200
23:41:18.427 200
23:41:18.674 200
23:41:18.915 200
23:41:19.168 200
23:41:19.415 200
23:41:19.660 200
23:41:19.905 200
23:41:20.156 200
23:41:20.408 200
23:41:20.658 200
23:41:20.903 200
23:41:21.149 200
23:41:21.394 200
23:41:21.642 200
23:41:21.894 200
23:41:22.140 200
23:41:22.387 200
23:41:22.646 200
23:41:22.896 200
23:41:23.144 200
23:41:23.393 200
23:41:23.640 200
23:41:23.884 200
23:41:24.136 200
23:41:24.393 200
23:41:24.643 200
23:41:24.894 200
23:41:25.140 200
23:41:25.391 200
23:41:25.636 200
23:41:25.883 200
23:41:26.131 200
23:41:26.377 200
23:41:26.621 200
23:41:26.865 200
23:41:27.112 200
23:41:27.358 200
23:41:27.613 200
23:41:27.863 200
23:41:28.108 200
23:41:31.265 200
23:41:31.519 200
23:41:31.771 200
23:41:32.027 200
23:41:32.275 200
23:41:32.521 200
23:41:32.775 200
23:41:33.022 200
23:41:33.272 200
23:41:33.519 200
23:41:33.763 200
23:41:34.009 200
23:41:34.255 200
23:41:34.504 200
23:41:34.760 200
23:41:35.007 200
23:41:35.304 200
23:41:35.549 200
23:41:35.801 200
23:41:36.079 200
23:41:36.332 200
23:41:36.576 200
23:41:36.818 200
23:41:37.066 200
23:41:37.309 200
23:41:37.562 200
23:41:37.810 200
23:41:38.053 200
