15:13:56.221 200
15:13:56.454 200
15:13:56.682 200
15:13:56.915 200
15:13:57.148 200
15:13:57.374 200
15:13:57.599 200
15:13:57.826 200
15:13:58.052 200
15:13:58.280 200
15:13:58.505 200
15:13:58.732 200
15:13:58.959 200
15:14:01.627 200
15:14:01.853 200
15:14:02.079 200
15:14:02.304 200
15:14:02.531 200
15:14:02.756 200
15:14:02.982 200
15:14:03.209 200
15:14:03.435 200
15:14:03.663 200
15:14:03.889 200
15:14:04.263 500
15:14:04.489 500
15:14:04.719 500
15:14:04.940 500
15:14:05.163 500
15:14:05.387 500
15:14:05.611 500
15:14:05.835 500
15:14:06.057 500
15:14:06.281 500
15:14:06.505 500
15:14:06.729 500
15:14:06.956 500
15:14:07.180 500
15:14:07.403 500
15:14:07.627 500
15:14:07.848 500
15:14:08.069 500
15:14:08.291 500
15:14:08.512 500
15:14:08.734 500
15:14:08.953 500
15:14:09.174 500
15:14:09.396 500
15:14:09.618 500
15:14:09.842 500
15:14:10.064 500
15:14:10.287 500
15:14:10.507 500
15:14:10.727 500
15:14:10.950 500
15:14:11.171 500
15:14:11.393 500
15:14:11.616 500
15:14:11.838 500
15:14:12.053 503
15:14:12.269 503
15:14:12.485 503
15:14:12.698 503
15:14:12.913 503
15:14:13.128 503
15:14:13.343 503
15:14:13.557 503
15:14:13.772 503
15:14:13.989 503
15:14:14.204 503
15:14:14.419 503
15:14:14.635 503
15:14:14.877 200
15:14:15.104 200
15:14:15.331 200
15:14:15.559 200
15:14:15.783 200
15:14:16.008 200
15:14:16.236 200
15:14:16.463 200
15:14:16.695 200
15:14:16.922 200
15:14:17.154 200
15:14:17.381 200
15:14:17.620 200
15:14:17.846 200
15:14:18.076 200
15:14:18.302 200
15:14:18.529 200
15:14:18.753 200
15:14:18.980 200
15:14:19.206 200
15:14:19.435 200
15:14:19.662 200
15:14:19.888 200
15:14:20.114 200
15:14:20.341 200
15:14:20.569 200
