15:07:53.555 200
15:07:53.844 200
15:07:54.133 200
15:07:54.366 200
15:07:54.603 200
15:07:54.848 200
15:07:55.082 200
15:07:55.318 200
15:07:55.550 200
15:07:55.786 200
15:07:56.020 200
15:07:56.255 200
15:07:56.498 200
15:07:56.729 200
15:07:56.961 200
15:07:57.196 200
15:07:57.430 200
15:07:57.674 200
15:07:57.906 200
15:07:58.142 200
15:07:58.374 200
15:07:58.612 200
15:07:58.852 200
15:07:59.086 200
15:08:02.118 000
15:08:05.151 000
15:08:05.391 200
15:08:08.421 000
15:08:08.667 200
15:08:11.700 000
15:08:11.937 200
15:08:18.035 000
15:08:21.272 000
15:08:24.499 000
15:08:27.533 000
15:08:27.774 200
15:08:30.806 000
15:08:31.042 200
15:08:34.075 000
15:08:34.311 200
15:08:37.345 000
15:08:40.378 000
15:08:43.409 000
15:08:43.658 200
15:08:46.688 000
15:08:46.921 200
15:08:49.198 200
15:08:49.430 200
15:08:49.677 200
15:08:49.913 200
15:08:50.150 200
15:08:50.396 200
15:08:50.632 200
15:08:50.868 200
15:08:51.106 200
15:08:51.343 200
15:08:51.600 200
15:08:51.832 200
15:08:52.065 200
15:08:52.298 200
15:08:52.534 200
15:08:52.771 200
15:08:53.008 200
15:08:53.241 200
15:08:53.475 200
15:08:53.708 200
15:08:53.943 200
15:08:54.199 200
15:08:54.435 200
15:08:54.669 200
15:08:54.904 200
15:08:55.142 200
15:08:55.378 200
15:08:55.613 200
15:08:55.852 200
15:08:56.083 200
15:08:56.318 200
15:08:56.557 200
15:08:56.791 200
15:08:57.026 200
15:08:57.257 200
15:08:57.489 200
15:08:57.722 200
15:08:57.956 200
15:08:58.188 200
15:08:58.422 200
15:08:58.661 200
15:08:58.910 200
15:08:59.143 200
15:08:59.376 200
15:08:59.616 200
15:08:59.849 200
15:09:00.094 200
15:09:00.335 200
15:09:00.569 200
15:09:00.803 200
15:09:01.039 200
15:09:01.274 200
15:09:01.507 200
15:09:01.737 200
15:09:01.975 200
15:09:02.211 200
15:09:02.446 200
15:09:02.681 200
15:09:02.917 200
15:09:03.156 200
15:09:03.388 200
15:09:03.621 200
15:09:03.856 200
15:09:04.096 200
15:09:04.339 200
15:09:04.573 200
15:09:04.807 200
15:09:05.045 200
15:09:05.281 200
15:09:05.516 200
15:09:05.759 200
15:09:05.990 200
15:09:06.223 200
15:09:06.472 200
15:09:06.705 200
15:09:06.939 200
15:09:07.169 200
15:09:07.412 200
15:09:07.647 200
15:09:07.897 200
15:09:08.132 200
15:09:08.369 200
15:09:08.603 200
15:09:08.837 200
15:09:09.070 200
15:09:09.306 200
15:09:09.555 200
15:09:09.788 200
15:09:10.020 200
15:09:10.253 200
15:09:10.487 200
15:09:10.723 200
15:09:10.959 200
15:09:11.200 200
15:09:11.435 200
15:09:11.668 200
15:09:11.901 200
15:09:12.139 200
15:09:12.372 200
15:09:12.609 200
15:09:12.845 200
15:09:13.079 200
15:09:13.312 200
15:09:13.562 200
15:09:13.807 200
15:09:14.049 200
15:09:14.302 200
15:09:14.546 200
15:09:14.779 200
15:09:15.018 200
15:09:15.252 200
15:09:15.503 200
15:09:15.757 200
15:09:15.996 200
15:09:16.237 200
15:09:16.487 200
15:09:16.771 200
15:09:17.023 200
15:09:17.276 200
15:09:17.534 200
15:09:17.790 200
15:09:18.040 200
15:09:18.277 200
15:09:18.511 200
15:09:18.799 200
15:09:19.032 200
15:09:19.293 200
15:09:19.528 200
15:09:19.764 200
15:09:20.001 200
15:09:20.296 200
15:09:20.529 200
15:09:20.767 200
15:09:21.003 200
15:09:21.244 200
15:09:24.178 200
15:09:24.421 200
15:09:24.659 200
15:09:24.898 200
15:09:25.136 200
15:09:25.373 200
15:09:25.614 200
15:09:25.850 200
15:09:26.086 200
15:09:26.324 200
15:09:26.561 200
15:09:26.819 200
15:09:27.056 200
15:09:27.292 200
15:09:27.530 200
15:09:27.770 200
15:09:28.005 200
15:09:28.247 200
15:09:28.482 200
15:09:28.717 200
15:09:28.953 200
15:09:29.192 200
15:09:29.433 200
15:09:29.676 200
15:09:29.918 200
15:09:30.156 200
15:09:30.397 200
15:09:30.630 200
15:09:30.869 200
15:09:31.109 200
15:09:31.349 200
15:09:31.586 200
15:09:31.831 200
15:09:32.071 200
