14:43:16.734 200
14:43:17.028 200
14:43:17.268 200
14:43:17.504 200
14:43:17.740 200
14:43:17.971 200
14:43:18.203 200
14:43:18.436 200
14:43:21.074 200
14:43:21.305 200
14:43:21.543 200
14:43:21.777 200
14:43:22.018 200
14:43:22.254 200
14:43:22.493 200
14:43:22.733 200
14:43:22.966 200
14:43:23.203 200
14:43:23.438 200
14:43:23.681 200
14:43:23.917 200
14:43:24.154 200
14:43:24.547 500
14:43:24.781 500
14:43:25.008 500
14:43:25.235 500
14:43:25.467 500
14:43:25.697 500
14:43:25.924 500
14:43:26.150 500
14:43:26.382 500
14:43:26.612 500
14:43:26.839 500
14:43:27.067 500
14:43:27.304 500
14:43:27.532 500
14:43:27.759 500
14:43:27.988 500
14:43:28.216 500
14:43:28.446 500
14:43:28.680 500
14:43:28.905 500
14:43:29.130 500
14:43:29.360 500
14:43:29.589 500
14:43:29.814 500
14:43:30.044 500
14:43:30.270 500
14:43:30.506 500
14:43:30.736 500
14:43:30.963 500
14:43:31.192 500
14:43:31.417 500
14:43:31.643 500
14:43:31.867 500
14:43:32.098 500
14:43:32.326 500
14:43:32.553 500
14:43:32.792 500
14:43:33.019 500
14:43:33.247 500
14:43:33.473 500
14:43:33.702 500
14:43:33.930 500
14:43:34.155 500
14:43:34.380 500
14:43:34.607 500
14:43:34.837 500
14:43:35.056 503
14:43:35.275 503
14:43:35.493 503
14:43:35.712 503
14:43:35.930 503
14:43:36.149 503
14:43:36.369 503
14:43:36.589 503
14:43:36.807 503
14:43:37.027 503
14:43:37.246 503
14:43:37.467 503
14:43:37.689 503
14:43:37.910 503
14:43:38.133 503
14:43:38.353 503
14:43:38.572 503
14:43:38.790 503
14:43:39.008 503
14:43:39.227 503
14:43:39.448 503
14:43:39.668 503
14:43:39.887 503
14:43:40.106 503
14:43:40.347 503
14:43:40.564 503
14:43:40.795 503
14:43:41.010 503
14:43:41.233 503
14:43:41.452 503
14:43:41.671 503
14:43:41.887 503
14:43:42.114 503
14:43:42.333 503
14:43:42.550 503
14:43:42.768 503
14:43:42.989 503
14:43:43.208 503
14:43:43.423 503
14:43:43.644 503
14:43:43.860 503
14:43:44.077 503
14:43:44.294 503
14:43:44.518 503
14:43:44.738 503
14:43:44.956 503
14:43:45.175 503
14:43:45.397 503
14:43:45.616 503
14:43:45.832 503
14:43:46.050 503
14:43:46.269 503
14:43:46.488 503
14:43:46.708 503
14:43:46.930 503
14:43:47.150 503
14:43:47.366 503
14:43:47.585 503
14:43:47.803 503
14:43:48.018 503
14:43:48.236 503
14:43:48.456 503
14:43:48.673 503
14:43:48.891 503
14:43:49.112 503
14:43:49.328 503
14:43:49.543 503
14:43:49.760 503
14:43:49.976 503
14:43:50.194 503
14:43:50.412 503
14:43:50.633 503
14:43:50.850 503
14:43:51.069 503
14:43:51.287 503
14:43:51.504 503
14:43:51.722 503
14:43:51.946 503
14:43:52.163 503
14:43:52.387 503
14:43:52.604 503
14:43:52.825 503
14:43:53.045 503
14:43:53.264 503
14:43:55.828 503
14:43:56.046 503
14:43:56.266 503
14:43:56.482 503
14:43:56.699 503
14:43:56.923 503
14:43:57.147 503
14:43:57.368 503
14:43:57.586 503
14:43:57.803 503
14:43:58.024 503
14:43:58.240 503
14:43:58.456 503
14:43:58.684 503
14:43:58.906 503
14:43:59.127 503
14:43:59.345 503
14:43:59.566 503
14:43:59.784 503
14:44:00.004 503
14:44:00.220 503
14:44:00.439 503
14:44:00.656 503
14:44:00.873 503
14:44:01.095 503
14:44:01.314 503
14:44:01.530 503
14:44:01.755 503
14:44:01.971 503
14:44:02.188 503
14:44:02.409 503
14:44:02.627 503
14:44:02.845 503
14:44:03.065 503
14:44:03.282 503
14:44:03.498 503
14:44:03.717 503
14:44:03.933 503
14:44:04.151 503
14:44:04.370 503
14:44:04.587 503
14:44:04.805 503
14:44:05.028 503
14:44:05.247 503
14:44:05.466 503
14:44:05.684 503
14:44:05.903 503
14:44:06.121 503
14:44:06.339 503
14:44:06.565 503
14:44:06.789 503
14:44:07.007 503
14:44:07.224 503
14:44:07.441 503
14:44:07.686 503
14:44:07.903 503
14:44:08.127 503
14:44:08.352 503
14:44:08.569 503
14:44:08.786 503
14:44:09.006 503
14:44:09.226 503
14:44:09.442 503
14:44:09.661 503
14:44:09.878 503
14:44:10.098 503
14:44:10.319 503
14:44:10.539 503
14:44:10.755 503
14:44:10.979 503
14:44:11.199 503
14:44:11.416 503
14:44:11.632 503
14:44:11.849 503
14:44:12.069 503
14:44:12.288 503
14:44:12.530 503
14:44:12.747 503
14:44:12.969 503
14:44:13.193 503
14:44:13.416 503
14:44:13.644 503
14:44:13.867 503
14:44:14.087 503
14:44:14.305 503
14:44:14.522 503
14:44:14.743 503
14:44:14.960 503
14:44:15.176 503
14:44:15.394 503
14:44:15.645 200
14:44:15.882 200
14:44:16.117 200
14:44:16.352 200
14:44:16.586 200
14:44:16.820 200
14:44:17.052 200
14:44:17.286 200
14:44:17.530 200
14:44:17.766 200
14:44:18.008 200
14:44:18.245 200
14:44:18.477 200
14:44:18.711 200
14:44:18.949 200
14:44:19.183 200
14:44:19.424 200
14:44:19.667 200
14:44:19.904 200
14:44:20.142 200
14:44:20.377 200
14:44:20.613 200
14:44:20.850 200
14:44:21.084 200
14:44:21.321 200
14:44:21.560 200
14:44:21.798 200
14:44:22.038 200
14:44:22.274 200
14:44:22.511 200
14:44:22.742 200
14:44:22.981 200
14:44:23.218 200
