14:44:40.674 200
14:44:40.906 200
14:44:41.139 200
14:44:41.376 200
14:44:41.614 200
14:44:41.848 200
14:44:42.085 200
14:44:42.320 200
14:44:42.554 200
14:44:42.790 200
14:44:43.028 200
14:44:43.262 200
14:44:43.508 200
14:44:43.741 200
14:44:43.975 200
14:44:44.208 200
14:44:44.443 200
14:44:44.681 200
14:44:44.914 200
14:44:45.166 200
14:44:45.401 200
14:44:45.637 200
14:44:45.873 200
14:44:46.106 200
14:44:46.340 200
14:44:46.575 200
14:44:46.811 200
14:44:47.045 200
14:44:47.289 200
14:44:47.526 200
14:44:47.764 200
14:44:47.999 200
14:44:48.232 200
14:44:48.467 200
14:44:48.698 200
14:44:48.931 200
14:44:49.166 200
14:44:49.413 200
14:44:49.654 200
14:44:49.893 200
14:44:50.136 200
14:44:50.385 200
14:44:50.619 200
14:44:50.859 200
14:44:51.095 200
14:44:51.340 200
14:44:51.576 200
14:44:51.810 200
14:44:52.047 200
14:44:52.282 200
14:44:52.519 200
14:44:52.762 200
14:44:52.995 200
14:44:53.234 200
14:44:53.473 200
14:44:53.707 200
14:44:53.938 200
14:44:54.180 200
14:44:54.412 200
14:44:54.649 200
14:44:54.888 200
14:44:55.129 200
14:44:55.363 200
14:44:55.602 200
14:44:55.838 200
14:44:56.073 200
14:44:56.310 200
14:44:56.551 200
14:44:56.789 200
14:44:57.034 200
14:44:57.274 200
14:44:57.515 200
14:44:57.747 200
14:44:57.982 200
14:44:58.216 200
14:44:58.457 200
14:44:58.696 200
14:44:58.930 200
14:44:59.166 200
14:44:59.402 200
14:44:59.638 200
14:44:59.875 200
14:45:00.114 200
14:45:00.348 200
14:45:00.583 200
14:45:00.832 200
14:45:01.084 200
14:45:01.319 200
14:45:01.574 200
14:45:01.809 200
14:45:02.053 200
14:45:02.288 200
14:45:02.540 200
14:45:02.782 200
14:45:05.459 200
14:45:05.697 200
14:45:05.932 200
14:45:06.164 200
14:45:06.399 200
14:45:06.637 200
14:45:06.874 200
14:45:07.119 200
14:45:07.352 200
14:45:07.585 200
14:45:07.820 200
14:45:08.054 200
14:45:08.291 200
14:45:08.528 200
14:45:08.762 200
14:45:08.996 200
14:45:09.234 200
14:45:09.469 200
14:45:09.711 200
14:45:09.949 200
14:45:10.185 200
14:45:10.421 200
14:45:10.659 200
14:45:10.903 200
14:45:11.143 200
14:45:11.381 200
14:45:11.636 200
14:45:11.873 200
14:45:12.106 200
14:45:12.339 200
14:45:12.572 200
14:45:12.807 200
14:45:13.046 200
14:45:13.287 200
14:45:13.520 200
14:45:13.761 200
14:45:13.999 200
14:45:14.238 200
14:45:14.473 200
14:45:14.713 200
14:45:14.947 200
14:45:15.184 200
14:45:15.421 200
14:45:15.655 200
14:45:15.896 200
14:45:16.128 200
14:45:16.363 200
14:45:16.614 200
14:45:16.849 200
14:45:17.081 200
14:45:17.317 200
14:45:17.551 200
14:45:17.787 200
14:45:18.020 200
14:45:18.257 200
14:45:18.505 200
14:45:18.742 200
14:45:18.983 200
14:45:19.222 200
14:45:19.458 200
14:45:19.693 200
14:45:19.932 200
14:45:20.166 200
14:45:20.403 200
14:45:20.637 200
14:45:20.871 200
14:45:21.106 200
14:45:21.344 200
14:45:21.580 200
14:45:21.813 200
14:45:22.050 200
14:45:22.289 200
14:45:22.528 200
14:45:22.762 200
14:45:22.994 200
14:45:23.229 200
14:45:23.466 200
14:45:23.717 200
14:45:23.953 200
14:45:24.190 200
14:45:24.462 200
14:45:24.696 200
14:45:24.930 200
14:45:25.168 200
14:45:25.401 200
14:45:25.642 200
14:45:25.879 200
14:45:26.117 200
14:45:26.350 200
14:45:26.586 200
14:45:26.821 200
14:45:27.064 200
14:45:27.297 200
14:45:27.537 200
14:45:27.771 200
14:45:28.007 200
14:45:28.243 200
14:45:28.477 200
14:45:28.712 200
14:45:28.964 200
14:45:29.198 200
14:45:29.434 200
14:45:29.673 200
14:45:29.910 200
14:45:30.145 200
14:45:30.389 200
14:45:30.622 200
14:45:30.853 200
14:45:31.085 200
14:45:31.321 200
14:45:31.558 200
14:45:31.797 200
14:45:32.032 200
14:45:32.273 200
14:45:32.511 200
14:45:32.745 200
14:45:32.978 200
14:45:33.212 200
14:45:33.446 200
14:45:33.682 200
14:45:33.920 200
14:45:34.158 200
14:45:34.401 200
14:45:34.641 200
14:45:34.876 200
14:45:35.120 200
14:45:35.361 200
14:45:35.596 200
14:45:35.830 200
14:45:36.064 200
14:45:36.304 200
14:45:36.545 200
14:45:36.784 200
14:45:37.020 200
14:45:37.260 200
14:45:37.499 200
14:45:37.736 200
14:45:40.512 200
14:45:40.751 200
14:45:40.990 200
14:45:41.221 200
14:45:41.493 200
14:45:41.730 200
14:45:41.970 200
14:45:42.207 200
14:45:42.447 200
14:45:42.679 200
14:45:42.916 200
14:45:43.160 200
14:45:43.402 200
14:45:43.641 200
14:45:43.879 200
14:45:44.116 200
14:45:44.357 200
14:45:44.594 200
14:45:44.834 200
14:45:45.074 200
14:45:45.311 200
14:45:45.558 200
14:45:45.796 200
14:45:46.035 200
14:45:46.275 200
14:45:46.508 200
14:45:46.743 200
14:45:46.977 200
14:45:47.213 200
14:45:47.449 200
14:45:47.682 200
14:45:47.918 200
14:45:48.150 200
14:45:48.386 200
14:45:48.619 200
14:45:48.854 200
14:45:49.090 200
14:45:49.330 200
14:45:49.565 200
14:45:49.801 200
14:45:50.035 200
14:45:50.271 200
14:45:50.506 200
14:45:50.745 200
14:45:50.985 200
14:45:51.221 200
14:45:51.457 200
14:45:51.697 200
14:45:51.930 200
14:45:52.168 200
14:45:52.405 200
14:45:52.638 200
14:45:52.873 200
14:45:53.106 200
14:45:53.351 200
14:45:53.586 200
14:45:53.817 200
14:45:54.054 200
14:45:54.295 200
14:45:54.531 200
14:45:54.770 200
14:45:55.004 200
14:45:55.239 200
14:45:55.476 200
14:45:55.711 200
14:45:55.945 200
14:45:56.181 200
14:45:56.416 200
14:45:56.649 200
14:45:56.884 200
14:45:57.124 200
14:45:57.358 200
14:45:57.594 200
14:45:57.830 200
14:45:58.071 200
14:45:58.305 200
14:45:58.539 200
14:45:58.782 200
14:45:59.016 200
14:45:59.252 200
14:45:59.486 200
14:45:59.724 200
14:45:59.958 200
14:46:00.196 200
14:46:00.433 200
14:46:00.666 200
14:46:00.900 200
14:46:01.136 200
14:46:01.375 200
14:46:01.617 200
14:46:01.856 200
14:46:02.089 200
14:46:02.322 200
14:46:02.555 200
14:46:02.788 200
14:46:03.022 200
14:46:03.267 200
14:46:03.500 200
14:46:03.738 200
14:46:03.974 200
14:46:04.209 200
14:46:04.441 200
14:46:04.673 200
14:46:04.903 200
14:46:05.160 200
14:46:05.399 200
14:46:05.637 200
14:46:05.879 200
14:46:06.115 200
14:46:06.347 200
14:46:06.578 200
14:46:06.816 200
14:46:07.051 200
14:46:07.282 200
14:46:07.525 200
14:46:07.758 200
14:46:07.997 200
14:46:08.233 200
14:46:08.465 200
14:46:08.713 200
14:46:08.957 200
14:46:09.206 200
14:46:09.452 200
14:46:09.696 200
14:46:09.928 200
14:46:10.172 200
14:46:10.413 200
14:46:10.647 200
14:46:10.898 200
14:46:11.131 200
14:46:11.365 200
14:46:11.601 200
14:46:11.836 200
14:46:12.068 200
14:46:12.301 200
14:46:15.030 200
14:46:15.263 200
14:46:15.497 200
14:46:15.735 200
14:46:15.969 200
14:46:16.206 200
14:46:16.448 200
14:46:16.684 200
14:46:16.922 200
14:46:17.158 200
14:46:17.394 200
14:46:17.647 200
14:46:17.884 200
14:46:18.122 200
14:46:18.361 200
14:46:18.599 200
14:46:18.834 200
14:46:19.075 200
14:46:19.312 200
14:46:19.561 200
14:46:19.800 200
14:46:20.034 200
14:46:20.270 200
14:46:20.506 200
14:46:20.741 200
14:46:20.976 200
14:46:21.214 200
14:46:21.446 200
14:46:21.683 200
14:46:21.923 200
14:46:22.159 200
14:46:22.403 200
14:46:22.641 200
14:46:22.877 200
14:46:23.109 200
14:46:23.355 200
14:46:23.590 200
14:46:23.827 200
14:46:24.060 200
14:46:24.301 200
14:46:24.535 200
14:46:24.769 200
14:46:25.005 200
14:46:25.245 200
14:46:25.477 200
14:46:25.710 200
14:46:25.943 200
14:46:26.177 200
14:46:26.411 200
14:46:26.646 200
14:46:26.883 200
14:46:27.121 200
14:46:27.360 200
14:46:27.595 200
14:46:27.829 200
14:46:28.063 200
14:46:28.296 200
14:46:28.528 200
14:46:28.764 200
14:46:28.997 200
14:46:29.229 200
14:46:29.463 200
14:46:29.700 200
14:46:29.932 200
14:46:30.173 200
14:46:30.408 200
14:46:30.641 200
14:46:30.875 200
14:46:31.108 200
14:46:31.342 200
14:46:31.577 200
14:46:31.814 200
14:46:32.056 200
14:46:32.296 200
14:46:32.530 200
14:46:32.763 200
14:46:32.995 200
14:46:33.229 200
14:46:33.471 200
14:46:33.704 200
14:46:33.941 200
14:46:34.176 200
14:46:34.411 200
14:46:34.645 200
14:46:34.878 200
14:46:35.120 200
14:46:35.351 200
14:46:35.587 200
14:46:35.821 200
14:46:36.055 200
14:46:36.289 200
14:46:36.521 200
14:46:36.756 200
14:46:36.988 200
14:46:37.225 200
14:46:37.463 200
14:46:37.697 200
14:46:37.931 200
14:46:38.163 200
14:46:38.395 200
14:46:38.637 200
14:46:38.881 200
14:46:39.115 200
14:46:39.362 200
14:46:39.597 200
14:46:39.832 200
14:46:40.067 200
14:46:40.304 200
14:46:40.541 200
14:46:40.780 200
14:46:41.017 200
14:46:41.249 200
14:46:41.485 200
14:46:41.718 200
14:46:41.955 200
14:46:42.196 200
14:46:42.431 200
14:46:42.663 200
14:46:42.900 200
14:46:43.135 200
14:46:43.372 200
14:46:43.609 200
14:46:43.844 200
14:46:44.080 200
14:46:44.314 200
14:46:44.549 200
14:46:44.786 200
14:46:45.019 200
14:46:45.264 200
14:46:45.503 200
14:46:45.739 200
14:46:45.976 200
14:46:46.212 200
14:46:46.450 200
14:46:46.700 200
14:46:46.936 200
14:46:47.172 200
14:46:49.882 200
14:46:50.114 200
14:46:50.357 200
14:46:50.593 200
14:46:50.828 200
14:46:51.059 200
14:46:51.297 200
14:46:51.533 200
14:46:51.768 200
14:46:52.003 200
14:46:52.239 200
14:46:52.474 200
14:46:52.707 200
14:46:52.942 200
14:46:53.177 200
14:46:53.417 200
14:46:53.666 200
14:46:53.909 200
14:46:54.142 200
14:46:54.380 200
14:46:54.617 200
14:46:54.855 200
14:46:55.093 200
14:46:55.338 200
14:46:55.571 200
14:46:55.806 200
14:46:56.040 200
14:46:56.278 200
14:46:56.522 200
14:46:56.759 200
14:46:56.993 200
14:46:57.229 200
14:46:57.462 200
14:46:57.697 200
14:46:57.938 200
14:46:58.172 200
14:46:58.406 200
14:46:58.649 200
14:46:58.887 200
14:46:59.118 200
14:46:59.351 200
14:46:59.585 200
14:46:59.828 200
14:47:00.062 200
14:47:00.300 200
14:47:00.531 200
14:47:00.764 200
14:47:01.006 200
14:47:01.249 200
14:47:01.497 200
14:47:01.739 200
14:47:01.982 200
14:47:02.214 200
14:47:02.452 200
14:47:02.688 200
14:47:02.923 200
14:47:03.157 200
14:47:03.390 200
14:47:03.634 200
14:47:03.867 200
14:47:04.102 200
14:47:04.346 200
14:47:04.579 200
14:47:04.822 200
14:47:05.055 200
14:47:05.291 200
14:47:05.525 200
14:47:05.758 200
14:47:05.992 200
14:47:06.244 200
14:47:06.482 200
14:47:06.716 200
14:47:06.948 200
14:47:07.180 200
14:47:07.412 200
14:47:07.644 200
